[36mvite v5.4.21 [32mbuilding for production...[36m[39m
transforming...
[32mΓ£ô[39m 2225 modules transformed.
rendering chunks...
computing gzip size...
[2mdist/[22m[32mindex.html                 [39m[1m[2m    0.67 kB[22m[1m[22m[2m Γöé gzip:   0.39 kB[22m
[2mdist/[22m[32massets/Logo-Ctn0aHpR.svg   [39m[1m[2m    8.67 kB[22m[1m[22m[2m Γöé gzip:   3.92 kB[22m
[2mdist/[22m[35massets/index-kc-RhCKJ.css  [39m[1m[2m   68.35 kB[22m[1m[22m[2m Γöé gzip:  11.98 kB[22m
[2mdist/[22m[36massets/index-y2vERJDT.js   [39m[1m[33m1,179.75 kB[39m[22m[2m Γöé gzip: 320.87 kB[22m
node : [33m
At line:1 char:54
+ ... \frontend"; node .\node_modules\vite\bin\vite.js build > build_output ...
+                 ~~~~~~~~~~~~~~~~~~~~~~~~~~~~~~~~~~~~~~~~~~~~~~~~~~~~~~~~~
    + CategoryInfo          : NotSpecified: ([33m:String) [], RemoteException
    + FullyQualifiedErrorId : NativeCommandError
 
(!) Some chunks are larger than 500 kB after minification. Consider:
- Using dynamic import() to code-split the application
- Use build.rollupOptions.output.manualChunks to improve chunking: 
https://rollupjs.org/configuration-options/#output-manualchunks
- Adjust chunk size limit for this warning via 
build.chunkSizeWarningLimit.[39m
[32mΓ£ô built in 10.36s[39m
